inputs:
    - data_stream:
        namespace: ep
      meta:
        package:
            name: auditd_manager
      name: test-default-auditd_manager
      streams:
        - backlog_limit: 8192
          backpressure_strategy: auto
          condition: ${host.platform} == 'linux'
          data_stream:
            dataset: auditd_manager.auditd
            type: logs
          failure_mode: silent
          immutable: false
          include_raw_message: true
          include_warnings: false
          rate_limit: 0
          resolve_ids: true
          socket_type: ""
          tags:
            - auditd_manager-auditd
          type: audit/auditd
      type: audit/auditd
      use_output: default
namespaces: []
output_permissions:
    default:
        _elastic_agent_checks:
            cluster:
                - monitor
        _elastic_agent_monitoring:
            indices: []
        uuid-for-permissions-on-related-indices:
            indices:
                - names:
                    - logs-auditd_manager.auditd-ep
                  privileges:
                    - auto_configure
                    - create_doc
secret_references: []
